../Core/Src/ga.c:19:10:trng_rand	16	static
../Core/Src/ga.c:25:7:rand01	8	static
../Core/Src/ga.c:29:7:rand_range	24	static
../Core/Src/ga.c:33:6:random_population	24	static
../Core/Src/ga.c:42:6:evaluate	48	static
../Core/Src/ga.c:57:6:crossover	40	static
../Core/Src/ga.c:87:6:mutation	32	static
../Core/Src/ga.c:101:6:local_search	40	static
../Core/Src/ga.c:118:6:dominates	24	static
../Core/Src/ga.c:131:6:find_pareto_front	40	static
../Core/Src/ga.c:148:6:crowding_distance	1264	static
../Core/Src/ga.c:185:6:select_by_crowding	1248	static
../Core/Src/ga.c:201:6:selection	208	dynamic
