../Core/Src/ga.c:19:6:initialize_bounds	16	static
../Core/Src/ga.c:26:10:trng_rand	16	static
../Core/Src/ga.c:32:7:rand01	8	static
../Core/Src/ga.c:36:7:rand_range	24	static
../Core/Src/ga.c:40:6:random_population	24	static
../Core/Src/ga.c:49:6:evaluate	56	static
../Core/Src/ga.c:66:6:crossover	40	static
../Core/Src/ga.c:96:6:mutation	32	static
../Core/Src/ga.c:110:6:local_search	32	static
../Core/Src/ga.c:127:6:dominates	24	static
../Core/Src/ga.c:140:6:find_pareto_front	40	static
../Core/Src/ga.c:157:6:crowding_distance	1264	static
../Core/Src/ga.c:194:6:select_by_crowding	1248	static
../Core/Src/ga.c:210:6:selection	168	dynamic
