../Core/Src/ga.c:17:6:initialize_bounds	16	static
../Core/Src/ga.c:24:7:rand01	8	static
../Core/Src/ga.c:28:7:rand_range	24	static
../Core/Src/ga.c:32:6:random_population	24	static
../Core/Src/ga.c:41:6:evaluate	56	static
../Core/Src/ga.c:58:6:crossover	40	static
../Core/Src/ga.c:88:6:mutation	32	static
../Core/Src/ga.c:102:6:local_search	32	static
../Core/Src/ga.c:119:6:dominates	24	static
../Core/Src/ga.c:132:6:find_pareto_front	40	static
../Core/Src/ga.c:149:6:crowding_distance	1264	static
../Core/Src/ga.c:186:6:select_by_crowding	1248	static
../Core/Src/ga.c:202:6:selection	208	dynamic
