../Core/Src/ga.c:20:10:trng_rand	16	static
../Core/Src/ga.c:26:7:rand01	8	static
../Core/Src/ga.c:30:7:rand_range	24	static
../Core/Src/ga.c:34:6:random_population	24	static
../Core/Src/ga.c:43:6:evaluate	24	static
../Core/Src/ga.c:59:6:crossover	32	static
../Core/Src/ga.c:84:6:mutation	32	static
../Core/Src/ga.c:96:6:local_search	24	static
../Core/Src/ga.c:110:6:dominates	24	static
../Core/Src/ga.c:123:6:find_pareto_front	40	static
../Core/Src/ga.c:140:6:crowding_distance	1264	static
../Core/Src/ga.c:177:6:select_by_crowding	1248	static
../Core/Src/ga.c:193:6:selection	240	dynamic
../Core/Src/ga.c:242:6:update_archive	1864	dynamic
../Core/Src/ga.c:263:6:send_archive	112	static
