../Core/Src/ga.c:18:10:trng_rand	16	static
../Core/Src/ga.c:24:7:rand01	8	static
../Core/Src/ga.c:28:7:rand_range	24	static
../Core/Src/ga.c:32:6:random_population	24	static
../Core/Src/ga.c:41:6:evaluate	24	static
../Core/Src/ga.c:47:6:crossover	32	static
../Core/Src/ga.c:72:6:mutation	32	static
../Core/Src/ga.c:84:6:local_search	24	static
../Core/Src/ga.c:98:6:dominates	24	static
../Core/Src/ga.c:111:6:find_pareto_front	40	static
../Core/Src/ga.c:128:6:crowding_distance	1288	static
../Core/Src/ga.c:165:6:select_by_crowding	1248	static
../Core/Src/ga.c:182:6:selection	240	dynamic
../Core/Src/ga.c:231:6:update_archive	3664	dynamic
../Core/Src/ga.c:252:6:send_archive	128	static
