../Core/Src/ga.c:16:7:rand01	8	static
../Core/Src/ga.c:20:7:rand_range	24	static
../Core/Src/ga.c:24:6:random_population	24	static
../Core/Src/ga.c:33:6:evaluate	24	static
../Core/Src/ga.c:39:6:crossover	32	static
../Core/Src/ga.c:64:6:mutation	32	static
../Core/Src/ga.c:76:6:local_search	24	static
../Core/Src/ga.c:90:6:dominates	24	static
../Core/Src/ga.c:103:6:find_pareto_front	40	static
../Core/Src/ga.c:120:6:crowding_distance	1288	static
../Core/Src/ga.c:157:6:select_by_crowding	1248	static
../Core/Src/ga.c:174:6:selection	240	dynamic
../Core/Src/ga.c:223:6:update_archive	3664	dynamic
../Core/Src/ga.c:244:6:send_archive	128	static
